<script>const foo = "bar"</script>
<style>p { content: "wow" }</style>
<pre>const foo = "--bar"</pre>
<code>const foo = "bar"</code>
<p>hello “world”</p>
